$ git init
$ git status
On branch master
No commits yet
Changes to be committed:
  (use "git rm --cached <file>..." to unstage)
        new file:   Code.txt
Untracked files:
  (use "git add <file>..." to include in what will be committed)
        Log.txt
        Output.tx
$ git add output.txt
$ git status
On branch master
No commits yet
Changes to be committed:
  (use "git rm --cached <file>..." to unstage)
        new file:   Code.txt
Untracked files:
  (use "git add <file>..." to include in what will be committed)
        Log.txt
        Output.txt
$ git add Output.txt
$ git status
On branch master
No commits yet
Changes to be committed:
  (use "git rm --cached <file>..." to unstage)
        new file:   Code.txt
        new file:   Output.txt
Untracked files:
  (use "git add <file>..." to include in what will be committed)
        Log.txt

$ git commit -m "change for Code and Output"
[master (root-commit) c0022fc] change for Code and Output
 2 files changed, 0 insertions(+), 0 deletions(-)
 create mode 100644 Code.txt
 create mode 100644 Output.txt
$ git remote add origin https://github.com/ysahu832/Assignment5.git
$ git push origin master
info: please complete authentication in your browser...
Enumerating objects: 3, done.
Counting objects: 100% (3/3), done.
Delta compression using up to 4 threads
Compressing objects: 100% (2/2), done.
Writing objects: 100% (3/3), 238 bytes | 238.00 KiB/s, done.
Total 3 (delta 0), reused 0 (delta 0), pack-reused 0
remote:
remote: Create a pull request for 'master' on GitHub by visiting:
remote:    